// Jest Snapshot v1, https://goo.gl/fbAQLP

exports[`Preferred language context throws an error if a default language is not set 1`] = `"Missing default language in configuration."`;
