// Jest Snapshot v1, https://goo.gl/fbAQLP

exports[`i18n createT() returned t function throws an error on missing phrases 1`] = `"The translation key 'test.missing' is missing for 'en-GB'"`;
